.1
.DS_Store
.a2a-confirmed
.active-backlog-nudge
.canary
.claude
.codegraph
.env
.fno
.full.d
.gitignore
.impeccable
.interrupted-writes
.lock
.lock.d
.metadata_never_index
.path-migration-done
.plan-sync-watermark-v2
.preflight-cancel
.preflight-receipt-locks
.priority.d
.recovery.d
.think-spawn-daily.json
.update.lock
.worktree-stranded-cache.json
.worktree-stranded-refresh-stamp
agents
announce-cursors
approvals.db
attention
attest
backup
backups
bin
blueprinters
board.py
board.sh
board_ids.py
board_render.py
briefs
bus
cache
cargo-build
claims
config.toml
config.toml.bak*
config.toml.lock
corrections.log
decisions.db
decisions.db-shm
decisions.db-wal
decisions.jsonl
decisions.jsonl.compact
decisions.jsonl.corrupt
evals-history.jsonl
events.db
events.db-shm
events.db-wal
events.jsonl
events.jsonl.1
events.jsonl.ephemeral
events.jsonl.shell-writers.d
failover-state.json
failover-state.json.lock
fleet
fleet-sweep-state.json
fleet-sweep-state.json.lock
fleet.html
flight
git-protection.json
graph-archive.db
graph-archive.db-shm
graph-archive.db-wal
graph-archive.json.lock
graph-archive.json.store.sock.lock
graph.db
graph.db-shm
graph.db-wal
graph.db.history
graph.db.store.sock
graph.html
graph.json
graph.json.lock
graph.json.store.sock.lock
graph.md
groom.err.log
groom.out.log
handoff-evidence
handoffs
heal
health-history.jsonl
health-throttle.json
inbox
install
intel
internal
jobs
latches
law-edit-seen
ledger.json
ledger.md
lesson-candidates.jsonl
locks
logs
mail-escalations
mail-hold
merge-gate-overrides.log
mux
my-priorities.md
my-priorities.md.lock
notes
notify-signals.json
ntfy
nudge-cursors
observer-reports
opencode-install-*.json
operator-capture
plugin-stage
postmortems
pr-watch-bounce.json
pr-watcher-state-delivery.json
pr-watcher-state-delivery.json.lock
pr-watcher-state.json
pr-watcher-state.json.lock
pr-watcher-state.lock
pr-watcher-state.lock.lock
pr-watcher.err.log
pr-watcher.out.log
provider-runtime-state.json
provider-runtime-state.json.update.lock
providers
push-stamps
questions.db
questions.db-shm
questions.db-wal
questions.jsonl
reclaim
recovery
recovery-nudges.json
reign-watch
reign.html
relatedness.json
relay-claude
repro-isolated
retro-pending
review-invocations
route-settings
ruleset-21074865-before-smoke-hold.json
sessions
settings.yaml
settings.yaml.lock
sidecar
spaces
squads.json.tmp.*
stable-bin
tailscale-migration
tools
validity-decks
watchdog-sweep.json
worktree-salvage
worktrees
~
