.1
.DS_Store
.a2a-confirmed
.active-backlog-nudge
.canary
.claude
.codegraph
.env
.fno
.full.d
.gitignore
.impeccable
.interrupted-writes
.lock
.lock.d
.metadata_never_index
.path-migration-done
.preflight-cancel
.preflight-receipt-locks
.priority.d
.recovery.d
.think-spawn-daily.json
agents
announce-cursors
attention
attest
backup
backups
bin
blueprinters
board.py
board.sh
board_ids.py
board_render.py
briefs
bus
cache
cargo-build
claim-aux
claims
config.toml
config.toml.bak*
config.toml.lock
db
decisions.jsonl
decisions.jsonl.compact
decisions.jsonl.corrupt
events.jsonl
events.jsonl.1
events.jsonl.ephemeral
events.jsonl.shell-writers.d
fleet
flight
handoff-evidence
handoffs
heal
history
inbox
install
intel
internal
jobs
latches
law-edit-seen
ledger.json
ledger.md
locks
logs
mail-escalations
mail-hold
mux
my-priorities.md
my-priorities.md.lock
notes
ntfy
nudge-cursors
observer-reports
opencode-install-*.json
operator-capture
pages
plugin-stage
postmortems
providers
push-stamps
questions.jsonl
reclaim
recovery
relay-claude
repro-isolated
retro-pending
review-invocations
route-settings
ruleset-21074865-before-smoke-hold.json
saved-sessions
sessions
settings.yaml
settings.yaml.lock
sidecar
spaces
stable-bin
state
tailscale-migration
term-watch
tools
validity-decks
worktree-salvage
worktrees
~
